vietnam,VNM
virginislandsbritish,VGB
virginislandsus,VIR
wallisandfutuna,WLF
westernsahara,ESH
yemen,YEM
zambia,ZMB
zimbabwe,ZWE
afghanistan,AFG
alandislands,ALA
albania,ALB
algeria,DZA
americansamoa,ASM
andorra,AND
angola,AGO
anguilla,AIA
antarctica,ATA
antiguaandbarbuda,ATG
argentina,ARG
armenia,ARM
aruba,ABW
australia,AUS
austria,AUT
azerbaijan,AZE
bahamas,BHS
bahrain,BHR
bangladesh,BGD
barbados,BRB
belarus,BLR
belgium,BEL
belize,BLZ
benin,BEN
bermuda,BMU
bhutan,BTN
bolivia,BOL
bosniaandherzegovina,BIH
botswana,BWA
brazil,BRA
bruneidarussalam,BRN
bulgaria,BGR
burkinafaso,BFA
burundi,BDI
cambodia,KHM
cameroon,CMR
canada,CAN
capeverde,CPV
caymanislands,CYM
centralafricanrepublic,CAF
chad,TCD
chile,CHL
china,CHN
kazakhstan,KAZ
kenya,KEN
kiribati,KIR
kuwait,KWT
kyrgyzstan,KGZ
laopeoplesdemocraticrepublic,LAO
liberia,LBR
latvia,LVA
lebanon,LBN
lesotho,LSO
libya,LBY
liechtenstein,LIE
lithuania,LTU
luxembourg,LUX
macao,MAC
macedoniatheformeryugoslavrepublicof,MKD
madagascar,MDG
malawi,MWI
malaysia,MYS
maldives,MDV
mali,MLI
malta,MLT
marshallislands,MHL
martinique,MTQ
mauritania,MRT
mauritius,MUS
mexico,MEX
micronesiafederatedstatesof,FSM
moldovarepublicof,MDA
monaco,MCO
mongolia,MNG
montenegro,MNE
montserrat,MSR
morocco,MAR
mozambique,MOZ
myanmar,MMR
namibia,NAM
nauru,NRU
nepal,NPL
netherlands,NLD
newcaledonia,NCL
newzealand,NZL
nicaragua,NIC
niger,NER
nigeria,NGA
niue,NIU
norfolkisland,NFK
northkoreademocraticpeoplesrepublicof,PRK
norway,NOR
oman,OMN
pakistan,PAK
palau,PLW
panama,PAN
papuanewguinea,PNG
paraguay,PRY
peru,PER
philippines,PHL
pitcairn,PCN
poland,POL
portugal,PRT
puertorico,PRI
qatar,QAT
romania,ROU
russianfederation,RUS
rwanda,RWA
saintbarthelemy,BLM
saintvincentandthegrenadines,VCT
samoa,WSM
sanmarino,SMR
saudiarabia,SAU
senegal,SEN
serbia,SRB
seychelles,SYC
sierraleone,SLE
singapore,SGP
slovakia,SVK
slovenia,SVN
solomonislands,SLB
somalia,SOM
southafrica,ZAF
southkorearepublicof,KOR
spain,ESP
srilanka,LKA
sudan,SDN
suriname,SUR
swaziland,SWZ
sweden,SWE
switzerland,CHE
syria,SYR
taiwanprovinceofchina,TWN
tajikistan,TJK
tanzaniaunitedrepublicof,TZA
thailand,THA
timorleste,TLS
togo,TGO
tokelau,TKL
tonga,TON
trinidadandtobago,TTO
tunisia,TUN
turkey,TUR
turkmenistan,TKM
tuvalu,TUV
uganda,UGA
ukraine,UKR
unitedarabemirates,ARE
unitedkingdom,GBR
unitedstates,USA
uruguay,URY
uzbekistan,UZB
congothedemocraticrepublicofthe,COD
cookislands,COK
costarica,CRI
croatia,HRV
cuba,CUB
curacao,CUW
cyprus,CYP
czechrepublic,CZE
denmark,DNK
djibouti,DJI
dominica,DMA
dominicanrepublic,DOM
ecuador,ECU
egypt,EGY
elsalvador,SLV
equatorialguinea,GNQ
eritrea,ERI
estonia,EST
ethiopia,ETH
falklandislandsmalvinas,FLK
fiji,FJI
finland,FIN
france,FRA
frenchguiana,GUF
frenchpolynesia,PYF
gabon,GAB
gambia,GMB
georgia,GEO
germany,DEU
ghana,GHA
gibraltar,GIB
greece,GRC
greenland,GRL
grenada,GRD
guadeloupe,GLP
guam,GUM
guatemala,GTM
guernsey,GGY
guinea,GIN
guineabissau,GNB
guyana,GUY
haiti,HTI
honduras,HND
hongkong,HKG
hungary,HUN
iceland,ISL
india,IND
indonesia,IDN
iran,IRN
iraq,IRQ
ireland,IRL
israel,ISR
italy,ITA
ivorycoast,CIV
jamaica,JAM
japan,JPN
jordan,JOR
vanuatu,VUT
vaticancitystateholysee,VAT
venezuelabolivarianrepublicof,VEN
colombia,COL
comoros,COM
congo,COG
cn,CHN
us,USA
in,IND
